#
# There is insufficient memory for the Java Runtime Environment to continue.
# Native memory allocation (malloc) failed to allocate 2052176 bytes. Error detail: Chunk::new
# Possible reasons:
#   The system is out of physical RAM or swap space
#   This process is running with CompressedOops enabled, and the Java Heap may be blocking the growth of the native heap
# Possible solutions:
#   Reduce memory load on the system
#   Increase physical memory or swap space
#   Check if swap backing store is full
#   Decrease Java heap size (-Xmx/-Xms)
#   Decrease number of Java threads
#   Decrease Java thread stack sizes (-Xss)
#   Set larger code cache with -XX:ReservedCodeCacheSize=
#   JVM is running with Unscaled Compressed Oops mode in which the Java heap is
#     placed in the first 4GB address space. The Java Heap base address is the
#     maximum limit for the native heap growth. Please use -XX:HeapBaseMinAddress
#     to set the Java Heap base and to place the Java Heap above 4GB virtual address.
# This output file may be truncated or incomplete.
#
#  Out of Memory Error (arena.cpp:168), pid=21844, tid=24944
#
# JRE version: OpenJDK Runtime Environment Temurin-21.0.9+10 (21.0.9+10) (build 21.0.9+10-LTS)
# Java VM: OpenJDK 64-Bit Server VM Temurin-21.0.9+10 (21.0.9+10-LTS, mixed mode, sharing, tiered, compressed oops, compressed class ptrs, g1 gc, windows-amd64)
# No core dump will be written. Minidumps are not enabled by default on client versions of Windows
#

---------------  S U M M A R Y ------------

Command Line: C:\Users\NOGAMENOLIFE\AppData\Local\Temp\surefire2187329398202811289\surefirebooter-20260107134216725_3.jar C:\Users\NOGAMENOLIFE\AppData\Local\Temp\surefire2187329398202811289 2026-01-07T13-42-16_371-jvmRun1 surefire-20260107134216725_1tmp surefire_0-20260107134216725_2tmp

Host: AMD Ryzen 5 5500U with Radeon Graphics         , 12 cores, 5G,  Windows 11 , 64 bit Build 26100 (10.0.26100.7309)
Time: Wed Jan  7 13:42:19 2026 elapsed time: 2.799895 seconds (0d 0h 0m 2s)

---------------  T H R E A D  ---------------

Current thread (0x000001c537b4e4e0):  JavaThread "C2 CompilerThread1" daemon [_thread_in_native, id=24944, stack(0x000000813ff00000,0x0000008140000000) (1024K)]


Current CompileTask:
C2:2800 1718       4       java.lang.invoke.MethodType::methodType (69 bytes)

Stack: [0x000000813ff00000,0x0000008140000000]
Native frames: (J=compiled Java code, j=interpreted, Vv=VM code, C=native code)
V  [jvm.dll+0x6d6e29]
V  [jvm.dll+0x8b4b76]
V  [jvm.dll+0x8b712e]
V  [jvm.dll+0x8b7813]
V  [jvm.dll+0x283d86]
V  [jvm.dll+0xc66ed]
V  [jvm.dll+0xc6c31]
V  [jvm.dll+0x3be53b]
V  [jvm.dll+0x38ab92]
V  [jvm.dll+0x389fda]
V  [jvm.dll+0x24bfa0]
V  [jvm.dll+0x24b580]
V  [jvm.dll+0x1cb13e]
V  [jvm.dll+0x25b29d]
V  [jvm.dll+0x25982a]
V  [jvm.dll+0x3f7ea6]
V  [jvm.dll+0x85e9ad]
V  [jvm.dll+0x6d565d]
C  [ucrtbase.dll+0x37b0]
C  [KERNEL32.DLL+0x2e8d7]
C  [ntdll.dll+0x8c53c]


---------------  P R O C E S S  ---------------

Threads class SMR info:
_java_thread_list=0x000001c57d3961d0, length=14, elements={
0x000001c51b22f800, 0x000001c53783e6e0, 0x000001c53783f130, 0x000001c53784f670,
0x000001c537851330, 0x000001c537851d80, 0x000001c5378531f0, 0x000001c537856d30,
0x000001c53785d4b0, 0x000001c53799ec70, 0x000001c5379bf4a0, 0x000001c537b4e4e0,
0x000001c57d0cc610, 0x000001c537c05b00
}

Java Threads: ( => current thread )
  0x000001c51b22f800 JavaThread "main"                              [_thread_in_Java, id=9892, stack(0x000000813ed00000,0x000000813ee00000) (1024K)]
  0x000001c53783e6e0 JavaThread "Reference Handler"          daemon [_thread_blocked, id=21148, stack(0x000000813f500000,0x000000813f600000) (1024K)]
  0x000001c53783f130 JavaThread "Finalizer"                  daemon [_thread_blocked, id=25692, stack(0x000000813f600000,0x000000813f700000) (1024K)]
  0x000001c53784f670 JavaThread "Signal Dispatcher"          daemon [_thread_blocked, id=22644, stack(0x000000813f700000,0x000000813f800000) (1024K)]
  0x000001c537851330 JavaThread "Attach Listener"            daemon [_thread_blocked, id=26440, stack(0x000000813f800000,0x000000813f900000) (1024K)]
  0x000001c537851d80 JavaThread "Service Thread"             daemon [_thread_blocked, id=24408, stack(0x000000813f900000,0x000000813fa00000) (1024K)]
  0x000001c5378531f0 JavaThread "Monitor Deflation Thread"   daemon [_thread_blocked, id=23844, stack(0x000000813fa00000,0x000000813fb00000) (1024K)]
  0x000001c537856d30 JavaThread "C2 CompilerThread0"         daemon [_thread_in_native, id=19012, stack(0x000000813fb00000,0x000000813fc00000) (1024K)]
  0x000001c53785d4b0 JavaThread "C1 CompilerThread0"         daemon [_thread_blocked, id=26820, stack(0x000000813fc00000,0x000000813fd00000) (1024K)]
  0x000001c53799ec70 JavaThread "Notification Thread"        daemon [_thread_blocked, id=4644, stack(0x000000813fd00000,0x000000813fe00000) (1024K)]
  0x000001c5379bf4a0 JavaThread "Common-Cleaner"             daemon [_thread_blocked, id=6212, stack(0x000000813fe00000,0x000000813ff00000) (1024K)]
=>0x000001c537b4e4e0 JavaThread "C2 CompilerThread1"         daemon [_thread_in_native, id=24944, stack(0x000000813ff00000,0x0000008140000000) (1024K)]
  0x000001c57d0cc610 JavaThread "surefire-forkedjvm-stream-flusher" daemon [_thread_blocked, id=21544, stack(0x0000008140000000,0x0000008140100000) (1024K)]
  0x000001c537c05b00 JavaThread "surefire-forkedjvm-command-thread" daemon [_thread_in_native, id=11812, stack(0x0000008140100000,0x0000008140200000) (1024K)]
Total: 14

Other Threads:
  0x000001c5378256c0 VMThread "VM Thread"                           [id=3752, stack(0x000000813f400000,0x000000813f500000) (1024K)]
  0x000001c53780e640 WatcherThread "VM Periodic Task Thread"        [id=20360, stack(0x000000813f300000,0x000000813f400000) (1024K)]
  0x000001c51b273c10 WorkerThread "GC Thread#0"                     [id=26052, stack(0x000000813ee00000,0x000000813ef00000) (1024K)]
  0x000001c57dab3050 WorkerThread "GC Thread#1"                     [id=15472, stack(0x0000008140200000,0x0000008140300000) (1024K)]
  0x000001c57db7e090 WorkerThread "GC Thread#2"                     [id=23512, stack(0x0000008140300000,0x0000008140400000) (1024K)]
  0x000001c57db7e430 WorkerThread "GC Thread#3"                     [id=12108, stack(0x0000008140400000,0x0000008140500000) (1024K)]
  0x000001c57db45cb0 WorkerThread "GC Thread#4"                     [id=26656, stack(0x0000008140500000,0x0000008140600000) (1024K)]
  0x000001c57db46050 WorkerThread "GC Thread#5"                     [id=11572, stack(0x0000008140600000,0x0000008140700000) (1024K)]
  0x000001c57db463f0 WorkerThread "GC Thread#6"                     [id=25640, stack(0x0000008140700000,0x0000008140800000) (1024K)]
  0x000001c57db4aba0 WorkerThread "GC Thread#7"                     [id=5636, stack(0x0000008140800000,0x0000008140900000) (1024K)]
  0x000001c57db4af40 WorkerThread "GC Thread#8"                     [id=13508, stack(0x0000008140900000,0x0000008140a00000) (1024K)]
  0x000001c51b280640 ConcurrentGCThread "G1 Main Marker"            [id=8004, stack(0x000000813ef00000,0x000000813f000000) (1024K)]
  0x000001c51b281ed0 WorkerThread "G1 Conc#0"                       [id=13460, stack(0x000000813f000000,0x000000813f100000) (1024K)]
  0x000001c5376df550 ConcurrentGCThread "G1 Refine#0"               [id=25720, stack(0x000000813f100000,0x000000813f200000) (1024K)]
  0x000001c5376e0e80 ConcurrentGCThread "G1 Service"                [id=25568, stack(0x000000813f200000,0x000000813f300000) (1024K)]
Total: 15

Threads with active compile tasks:
C2 CompilerThread0  2828 1749       4       jdk.internal.loader.URLClassPath::getResource (74 bytes)
C2 CompilerThread1  2828 1718       4       java.lang.invoke.MethodType::methodType (69 bytes)
Total: 2

VM state: not at safepoint (normal execution)

VM Mutex/Monitor currently owned by a thread: None

Heap address: 0x00000000a2600000, size: 1498 MB, Compressed Oops mode: 32-bit

CDS archive(s) mapped at: [0x000001c538000000-0x000001c538c80000-0x000001c538c80000), size 13107200, SharedBaseAddress: 0x000001c538000000, ArchiveRelocationMode: 1.
Compressed class space mapped at: 0x000001c539000000-0x000001c579000000, reserved size: 1073741824
Narrow klass base: 0x000001c538000000, Narrow klass shift: 0, Narrow klass range: 0x100000000

GC Precious Log:
 CardTable entry size: 512
 Card Set container configuration: InlinePtr #cards 5 size 8 Array Of Cards #cards 12 size 40 Howl #buckets 4 coarsen threshold 1843 Howl Bitmap #cards 512 size 80 coarsen threshold 460 Card regions per heap region 1 cards per card region 2048
 CPUs: 12 total, 12 available
 Memory: 5989M
 Large Page Support: Disabled
 NUMA Support: Disabled
 Compressed Oops: Enabled (32-bit)
 Heap Region Size: 1M
 Heap Min Capacity: 8M
 Heap Initial Capacity: 94M
 Heap Max Capacity: 1498M
 Pre-touch: Disabled
 Parallel Workers: 10
 Concurrent Workers: 3
 Concurrent Refinement Workers: 10
 Periodic GC: Disabled

Heap:
 garbage-first heap   total 96256K, used 28967K [0x00000000a2600000, 0x0000000100000000)
  region size 1024K, 24 young (24576K), 3 survivors (3072K)
 Metaspace       used 11022K, committed 11264K, reserved 1114112K
  class space    used 1367K, committed 1472K, reserved 1048576K

Heap Regions: E=young(eden), S=young(survivor), O=old, HS=humongous(starts), HC=humongous(continues), CS=collection set, F=free, TAMS=top-at-mark-start, PB=parsable bottom
|   0|0x00000000a2600000, 0x00000000a2700000, 0x00000000a2700000|100%|HS|  |TAMS 0x00000000a2600000| PB 0x00000000a2600000| Complete 
|   1|0x00000000a2700000, 0x00000000a2800000, 0x00000000a2800000|100%|HS|  |TAMS 0x00000000a2700000| PB 0x00000000a2700000| Complete 
|   2|0x00000000a2800000, 0x00000000a2900000, 0x00000000a2900000|100%| O|  |TAMS 0x00000000a2800000| PB 0x00000000a2800000| Untracked 
|   3|0x00000000a2900000, 0x00000000a2a00000, 0x00000000a2a00000|100%| O|  |TAMS 0x00000000a2900000| PB 0x00000000a2900000| Untracked 
|   4|0x00000000a2a00000, 0x00000000a2b00000, 0x00000000a2b00000|100%| O|  |TAMS 0x00000000a2a00000| PB 0x00000000a2a00000| Untracked 
|   5|0x00000000a2b00000, 0x00000000a2c00000, 0x00000000a2c00000|100%| O|  |TAMS 0x00000000a2b00000| PB 0x00000000a2b00000| Untracked 
|   6|0x00000000a2c00000, 0x00000000a2c49d50, 0x00000000a2d00000| 28%| O|  |TAMS 0x00000000a2c00000| PB 0x00000000a2c00000| Untracked 
|   7|0x00000000a2d00000, 0x00000000a2d00000, 0x00000000a2e00000|  0%| F|  |TAMS 0x00000000a2d00000| PB 0x00000000a2d00000| Untracked 
|   8|0x00000000a2e00000, 0x00000000a2e00000, 0x00000000a2f00000|  0%| F|  |TAMS 0x00000000a2e00000| PB 0x00000000a2e00000| Untracked 
|   9|0x00000000a2f00000, 0x00000000a2f00000, 0x00000000a3000000|  0%| F|  |TAMS 0x00000000a2f00000| PB 0x00000000a2f00000| Untracked 
|  10|0x00000000a3000000, 0x00000000a3000000, 0x00000000a3100000|  0%| F|  |TAMS 0x00000000a3000000| PB 0x00000000a3000000| Untracked 
|  11|0x00000000a3100000, 0x00000000a3100000, 0x00000000a3200000|  0%| F|  |TAMS 0x00000000a3100000| PB 0x00000000a3100000| Untracked 
|  12|0x00000000a3200000, 0x00000000a3200000, 0x00000000a3300000|  0%| F|  |TAMS 0x00000000a3200000| PB 0x00000000a3200000| Untracked 
|  13|0x00000000a3300000, 0x00000000a3300000, 0x00000000a3400000|  0%| F|  |TAMS 0x00000000a3300000| PB 0x00000000a3300000| Untracked 
|  14|0x00000000a3400000, 0x00000000a3400000, 0x00000000a3500000|  0%| F|  |TAMS 0x00000000a3400000| PB 0x00000000a3400000| Untracked 
|  15|0x00000000a3500000, 0x00000000a3500000, 0x00000000a3600000|  0%| F|  |TAMS 0x00000000a3500000| PB 0x00000000a3500000| Untracked 
|  16|0x00000000a3600000, 0x00000000a3600000, 0x00000000a3700000|  0%| F|  |TAMS 0x00000000a3600000| PB 0x00000000a3600000| Untracked 
|  17|0x00000000a3700000, 0x00000000a3700000, 0x00000000a3800000|  0%| F|  |TAMS 0x00000000a3700000| PB 0x00000000a3700000| Untracked 
|  18|0x00000000a3800000, 0x00000000a3800000, 0x00000000a3900000|  0%| F|  |TAMS 0x00000000a3800000| PB 0x00000000a3800000| Untracked 
|  19|0x00000000a3900000, 0x00000000a3900000, 0x00000000a3a00000|  0%| F|  |TAMS 0x00000000a3900000| PB 0x00000000a3900000| Untracked 
|  20|0x00000000a3a00000, 0x00000000a3a00000, 0x00000000a3b00000|  0%| F|  |TAMS 0x00000000a3a00000| PB 0x00000000a3a00000| Untracked 
|  21|0x00000000a3b00000, 0x00000000a3b00000, 0x00000000a3c00000|  0%| F|  |TAMS 0x00000000a3b00000| PB 0x00000000a3b00000| Untracked 
|  22|0x00000000a3c00000, 0x00000000a3c00000, 0x00000000a3d00000|  0%| F|  |TAMS 0x00000000a3c00000| PB 0x00000000a3c00000| Untracked 
|  23|0x00000000a3d00000, 0x00000000a3d00000, 0x00000000a3e00000|  0%| F|  |TAMS 0x00000000a3d00000| PB 0x00000000a3d00000| Untracked 
|  24|0x00000000a3e00000, 0x00000000a3e00000, 0x00000000a3f00000|  0%| F|  |TAMS 0x00000000a3e00000| PB 0x00000000a3e00000| Untracked 
|  25|0x00000000a3f00000, 0x00000000a3f00000, 0x00000000a4000000|  0%| F|  |TAMS 0x00000000a3f00000| PB 0x00000000a3f00000| Untracked 
|  26|0x00000000a4000000, 0x00000000a4000000, 0x00000000a4100000|  0%| F|  |TAMS 0x00000000a4000000| PB 0x00000000a4000000| Untracked 
|  27|0x00000000a4100000, 0x00000000a4100000, 0x00000000a4200000|  0%| F|  |TAMS 0x00000000a4100000| PB 0x00000000a4100000| Untracked 
|  28|0x00000000a4200000, 0x00000000a4200000, 0x00000000a4300000|  0%| F|  |TAMS 0x00000000a4200000| PB 0x00000000a4200000| Untracked 
|  29|0x00000000a4300000, 0x00000000a4300000, 0x00000000a4400000|  0%| F|  |TAMS 0x00000000a4300000| PB 0x00000000a4300000| Untracked 
|  30|0x00000000a4400000, 0x00000000a4400000, 0x00000000a4500000|  0%| F|  |TAMS 0x00000000a4400000| PB 0x00000000a4400000| Untracked 
|  31|0x00000000a4500000, 0x00000000a4500000, 0x00000000a4600000|  0%| F|  |TAMS 0x00000000a4500000| PB 0x00000000a4500000| Untracked 
|  32|0x00000000a4600000, 0x00000000a4600000, 0x00000000a4700000|  0%| F|  |TAMS 0x00000000a4600000| PB 0x00000000a4600000| Untracked 
|  33|0x00000000a4700000, 0x00000000a4700000, 0x00000000a4800000|  0%| F|  |TAMS 0x00000000a4700000| PB 0x00000000a4700000| Untracked 
|  34|0x00000000a4800000, 0x00000000a4800000, 0x00000000a4900000|  0%| F|  |TAMS 0x00000000a4800000| PB 0x00000000a4800000| Untracked 
|  35|0x00000000a4900000, 0x00000000a4900000, 0x00000000a4a00000|  0%| F|  |TAMS 0x00000000a4900000| PB 0x00000000a4900000| Untracked 
|  36|0x00000000a4a00000, 0x00000000a4a00000, 0x00000000a4b00000|  0%| F|  |TAMS 0x00000000a4a00000| PB 0x00000000a4a00000| Untracked 
|  37|0x00000000a4b00000, 0x00000000a4b00000, 0x00000000a4c00000|  0%| F|  |TAMS 0x00000000a4b00000| PB 0x00000000a4b00000| Untracked 
|  38|0x00000000a4c00000, 0x00000000a4c00000, 0x00000000a4d00000|  0%| F|  |TAMS 0x00000000a4c00000| PB 0x00000000a4c00000| Untracked 
|  39|0x00000000a4d00000, 0x00000000a4d00000, 0x00000000a4e00000|  0%| F|  |TAMS 0x00000000a4d00000| PB 0x00000000a4d00000| Untracked 
|  40|0x00000000a4e00000, 0x00000000a4e00000, 0x00000000a4f00000|  0%| F|  |TAMS 0x00000000a4e00000| PB 0x00000000a4e00000| Untracked 
|  41|0x00000000a4f00000, 0x00000000a4f00000, 0x00000000a5000000|  0%| F|  |TAMS 0x00000000a4f00000| PB 0x00000000a4f00000| Untracked 
|  42|0x00000000a5000000, 0x00000000a5000000, 0x00000000a5100000|  0%| F|  |TAMS 0x00000000a5000000| PB 0x00000000a5000000| Untracked 
|  43|0x00000000a5100000, 0x00000000a5100000, 0x00000000a5200000|  0%| F|  |TAMS 0x00000000a5100000| PB 0x00000000a5100000| Untracked 
|  44|0x00000000a5200000, 0x00000000a5200000, 0x00000000a5300000|  0%| F|  |TAMS 0x00000000a5200000| PB 0x00000000a5200000| Untracked 
|  45|0x00000000a5300000, 0x00000000a5300000, 0x00000000a5400000|  0%| F|  |TAMS 0x00000000a5300000| PB 0x00000000a5300000| Untracked 
|  46|0x00000000a5400000, 0x00000000a5400000, 0x00000000a5500000|  0%| F|  |TAMS 0x00000000a5400000| PB 0x00000000a5400000| Untracked 
|  47|0x00000000a5500000, 0x00000000a5500000, 0x00000000a5600000|  0%| F|  |TAMS 0x00000000a5500000| PB 0x00000000a5500000| Untracked 
|  48|0x00000000a5600000, 0x00000000a5600000, 0x00000000a5700000|  0%| F|  |TAMS 0x00000000a5600000| PB 0x00000000a5600000| Untracked 
|  49|0x00000000a5700000, 0x00000000a5700000, 0x00000000a5800000|  0%| F|  |TAMS 0x00000000a5700000| PB 0x00000000a5700000| Untracked 
|  50|0x00000000a5800000, 0x00000000a5800000, 0x00000000a5900000|  0%| F|  |TAMS 0x00000000a5800000| PB 0x00000000a5800000| Untracked 
|  51|0x00000000a5900000, 0x00000000a5900000, 0x00000000a5a00000|  0%| F|  |TAMS 0x00000000a5900000| PB 0x00000000a5900000| Untracked 
|  52|0x00000000a5a00000, 0x00000000a5a00000, 0x00000000a5b00000|  0%| F|  |TAMS 0x00000000a5a00000| PB 0x00000000a5a00000| Untracked 
|  53|0x00000000a5b00000, 0x00000000a5b00000, 0x00000000a5c00000|  0%| F|  |TAMS 0x00000000a5b00000| PB 0x00000000a5b00000| Untracked 
|  54|0x00000000a5c00000, 0x00000000a5c00000, 0x00000000a5d00000|  0%| F|  |TAMS 0x00000000a5c00000| PB 0x00000000a5c00000| Untracked 
|  55|0x00000000a5d00000, 0x00000000a5d00000, 0x00000000a5e00000|  0%| F|  |TAMS 0x00000000a5d00000| PB 0x00000000a5d00000| Untracked 
|  56|0x00000000a5e00000, 0x00000000a5e00000, 0x00000000a5f00000|  0%| F|  |TAMS 0x00000000a5e00000| PB 0x00000000a5e00000| Untracked 
|  57|0x00000000a5f00000, 0x00000000a5f00000, 0x00000000a6000000|  0%| F|  |TAMS 0x00000000a5f00000| PB 0x00000000a5f00000| Untracked 
|  58|0x00000000a6000000, 0x00000000a6000000, 0x00000000a6100000|  0%| F|  |TAMS 0x00000000a6000000| PB 0x00000000a6000000| Untracked 
|  59|0x00000000a6100000, 0x00000000a6100000, 0x00000000a6200000|  0%| F|  |TAMS 0x00000000a6100000| PB 0x00000000a6100000| Untracked 
|  60|0x00000000a6200000, 0x00000000a6200000, 0x00000000a6300000|  0%| F|  |TAMS 0x00000000a6200000| PB 0x00000000a6200000| Untracked 
|  61|0x00000000a6300000, 0x00000000a6300000, 0x00000000a6400000|  0%| F|  |TAMS 0x00000000a6300000| PB 0x00000000a6300000| Untracked 
|  62|0x00000000a6400000, 0x00000000a6400000, 0x00000000a6500000|  0%| F|  |TAMS 0x00000000a6400000| PB 0x00000000a6400000| Untracked 
|  63|0x00000000a6500000, 0x00000000a6500000, 0x00000000a6600000|  0%| F|  |TAMS 0x00000000a6500000| PB 0x00000000a6500000| Untracked 
|  64|0x00000000a6600000, 0x00000000a6600000, 0x00000000a6700000|  0%| F|  |TAMS 0x00000000a6600000| PB 0x00000000a6600000| Untracked 
|  65|0x00000000a6700000, 0x00000000a6700000, 0x00000000a6800000|  0%| F|  |TAMS 0x00000000a6700000| PB 0x00000000a6700000| Untracked 
|  66|0x00000000a6800000, 0x00000000a6800000, 0x00000000a6900000|  0%| F|  |TAMS 0x00000000a6800000| PB 0x00000000a6800000| Untracked 
|  67|0x00000000a6900000, 0x00000000a6900000, 0x00000000a6a00000|  0%| F|  |TAMS 0x00000000a6900000| PB 0x00000000a6900000| Untracked 
|  68|0x00000000a6a00000, 0x00000000a6b00000, 0x00000000a6b00000|100%| S|CS|TAMS 0x00000000a6a00000| PB 0x00000000a6a00000| Complete 
|  69|0x00000000a6b00000, 0x00000000a6c00000, 0x00000000a6c00000|100%| S|CS|TAMS 0x00000000a6b00000| PB 0x00000000a6b00000| Complete 
|  70|0x00000000a6c00000, 0x00000000a6d00000, 0x00000000a6d00000|100%| S|CS|TAMS 0x00000000a6c00000| PB 0x00000000a6c00000| Complete 
|  71|0x00000000a6d00000, 0x00000000a6d00000, 0x00000000a6e00000|  0%| F|  |TAMS 0x00000000a6d00000| PB 0x00000000a6d00000| Untracked 
|  72|0x00000000a6e00000, 0x00000000a6e00000, 0x00000000a6f00000|  0%| F|  |TAMS 0x00000000a6e00000| PB 0x00000000a6e00000| Untracked 
|  73|0x00000000a6f00000, 0x00000000a6fca470, 0x00000000a7000000| 79%| E|  |TAMS 0x00000000a6f00000| PB 0x00000000a6f00000| Complete 
|  74|0x00000000a7000000, 0x00000000a7100000, 0x00000000a7100000|100%| E|CS|TAMS 0x00000000a7000000| PB 0x00000000a7000000| Complete 
|  75|0x00000000a7100000, 0x00000000a7200000, 0x00000000a7200000|100%| E|CS|TAMS 0x00000000a7100000| PB 0x00000000a7100000| Complete 
|  76|0x00000000a7200000, 0x00000000a7300000, 0x00000000a7300000|100%| E|  |TAMS 0x00000000a7200000| PB 0x00000000a7200000| Complete 
|  77|0x00000000a7300000, 0x00000000a7400000, 0x00000000a7400000|100%| E|CS|TAMS 0x00000000a7300000| PB 0x00000000a7300000| Complete 
|  78|0x00000000a7400000, 0x00000000a7500000, 0x00000000a7500000|100%| E|CS|TAMS 0x00000000a7400000| PB 0x00000000a7400000| Complete 
|  79|0x00000000a7500000, 0x00000000a7600000, 0x00000000a7600000|100%| E|CS|TAMS 0x00000000a7500000| PB 0x00000000a7500000| Complete 
|  80|0x00000000a7600000, 0x00000000a7700000, 0x00000000a7700000|100%| E|CS|TAMS 0x00000000a7600000| PB 0x00000000a7600000| Complete 
|  81|0x00000000a7700000, 0x00000000a7800000, 0x00000000a7800000|100%| E|CS|TAMS 0x00000000a7700000| PB 0x00000000a7700000| Complete 
|  82|0x00000000a7800000, 0x00000000a7900000, 0x00000000a7900000|100%| E|CS|TAMS 0x00000000a7800000| PB 0x00000000a7800000| Complete 
|  83|0x00000000a7900000, 0x00000000a7a00000, 0x00000000a7a00000|100%| E|CS|TAMS 0x00000000a7900000| PB 0x00000000a7900000| Complete 
|  84|0x00000000a7a00000, 0x00000000a7b00000, 0x00000000a7b00000|100%| E|CS|TAMS 0x00000000a7a00000| PB 0x00000000a7a00000| Complete 
|  85|0x00000000a7b00000, 0x00000000a7c00000, 0x00000000a7c00000|100%| E|CS|TAMS 0x00000000a7b00000| PB 0x00000000a7b00000| Complete 
|  86|0x00000000a7c00000, 0x00000000a7d00000, 0x00000000a7d00000|100%| E|CS|TAMS 0x00000000a7c00000| PB 0x00000000a7c00000| Complete 
|  87|0x00000000a7d00000, 0x00000000a7e00000, 0x00000000a7e00000|100%| E|CS|TAMS 0x00000000a7d00000| PB 0x00000000a7d00000| Complete 
|  88|0x00000000a7e00000, 0x00000000a7f00000, 0x00000000a7f00000|100%| E|CS|TAMS 0x00000000a7e00000| PB 0x00000000a7e00000| Complete 
|  89|0x00000000a7f00000, 0x00000000a8000000, 0x00000000a8000000|100%| E|CS|TAMS 0x00000000a7f00000| PB 0x00000000a7f00000| Complete 
|  90|0x00000000a8000000, 0x00000000a8100000, 0x00000000a8100000|100%| E|CS|TAMS 0x00000000a8000000| PB 0x00000000a8000000| Complete 
|  91|0x00000000a8100000, 0x00000000a8200000, 0x00000000a8200000|100%| E|CS|TAMS 0x00000000a8100000| PB 0x00000000a8100000| Complete 
|  92|0x00000000a8200000, 0x00000000a8300000, 0x00000000a8300000|100%| E|CS|TAMS 0x00000000a8200000| PB 0x00000000a8200000| Complete 
|  93|0x00000000a8300000, 0x00000000a8400000, 0x00000000a8400000|100%| E|CS|TAMS 0x00000000a8300000| PB 0x00000000a8300000| Complete 

Card table byte_map: [0x000001c533190000,0x000001c533480000] _byte_map_base: 0x000001c532c7d000

Marking Bits: (CMBitMap*) 0x000001c51b274220
 Bits: [0x000001c533480000, 0x000001c534be8000)

Polling page: 0x000001c518ff0000

Metaspace:

Usage:
  Non-class:      9.43 MB used.
      Class:      1.34 MB used.
       Both:     10.77 MB used.

Virtual space:
  Non-class space:       64.00 MB reserved,       9.56 MB ( 15%) committed,  1 nodes.
      Class space:        1.00 GB reserved,       1.44 MB ( <1%) committed,  1 nodes.
             Both:        1.06 GB reserved,      11.00 MB (  1%) committed. 

Chunk freelists:
   Non-Class:  6.09 MB
       Class:  14.58 MB
        Both:  20.67 MB

MaxMetaspaceSize: unlimited
CompressedClassSpaceSize: 1.00 GB
Initial GC threshold: 21.00 MB
Current GC threshold: 21.00 MB
CDS: on
 - commit_granule_bytes: 65536.
 - commit_granule_words: 8192.
 - virtual_space_node_default_size: 8388608.
 - enlarge_chunks_in_place: 1.
 - use_allocation_guard: 0.


Internal statistics:

num_allocs_failed_limit: 0.
num_arena_births: 196.
num_arena_deaths: 0.
num_vsnodes_births: 2.
num_vsnodes_deaths: 0.
num_space_committed: 176.
num_space_uncommitted: 0.
num_chunks_returned_to_freelist: 0.
num_chunks_taken_from_freelist: 596.
num_chunk_merges: 0.
num_chunk_splits: 350.
num_chunks_enlarged: 218.
num_inconsistent_stats: 0.

CodeHeap 'non-profiled nmethods': size=120000Kb used=655Kb max_used=655Kb free=119344Kb
 bounds [0x000001c52b410000, 0x000001c52b680000, 0x000001c532940000]
CodeHeap 'profiled nmethods': size=120000Kb used=3288Kb max_used=3288Kb free=116711Kb
 bounds [0x000001c523940000, 0x000001c523c80000, 0x000001c52ae70000]
CodeHeap 'non-nmethods': size=5760Kb used=1333Kb max_used=1362Kb free=4426Kb
 bounds [0x000001c52ae70000, 0x000001c52b0e0000, 0x000001c52b410000]
CodeCache: size=245760Kb, used=5276Kb, max_used=5305Kb, free=240481Kb
 total_blobs=2260, nmethods=1761, adapters=404, full_count=0
Compilation: enabled, stopped_count=0, restarted_count=0

Compilation events (20 events):
Event: 1.720 Thread 0x000001c537856d30 1743       4       java.util.zip.ZipCoder::hash (36 bytes)
Event: 1.722 Thread 0x000001c537856d30 nmethod 1743 0x000001c52b4af310 code [0x000001c52b4af500, 0x000001c52b4af930]
Event: 1.722 Thread 0x000001c537856d30 1744       4       java.lang.CharacterDataLatin1::equalsIgnoreCase (63 bytes)
Event: 1.723 Thread 0x000001c537856d30 nmethod 1744 0x000001c52b4afb90 code [0x000001c52b4afd20, 0x000001c52b4afde0]
Event: 1.725 Thread 0x000001c537856d30 1745       4       java.util.zip.ZipFile$Source::getEntryPos (164 bytes)
Event: 1.732 Thread 0x000001c537856d30 nmethod 1745 0x000001c52b4afe90 code [0x000001c52b4b00e0, 0x000001c52b4b09a0]
Event: 1.740 Thread 0x000001c537856d30 1746   !   4       java.util.zip.ZipFile::getEntry (59 bytes)
Event: 1.743 Thread 0x000001c53785d4b0 1747       3       sun.reflect.generics.parser.SignatureParser::current (59 bytes)
Event: 1.744 Thread 0x000001c53785d4b0 nmethod 1747 0x000001c523c6cc10 code [0x000001c523c6ce20, 0x000001c523c6d4f0]
Event: 1.749 Thread 0x000001c537856d30 nmethod 1746 0x000001c52b4b1010 code [0x000001c52b4b1280, 0x000001c52b4b1f88]
Event: 1.750 Thread 0x000001c537856d30 1748       4       java.lang.String::regionMatches (150 bytes)
Event: 1.753 Thread 0x000001c537856d30 nmethod 1748 0x000001c52b4b2890 code [0x000001c52b4b2a40, 0x000001c52b4b2dc8]
Event: 1.753 Thread 0x000001c537856d30 1749       4       jdk.internal.loader.URLClassPath::getResource (74 bytes)
Event: 1.755 Thread 0x000001c53785d4b0 1750       3       sun.reflect.generics.tree.SimpleClassTypeSignature::make (11 bytes)
Event: 1.756 Thread 0x000001c53785d4b0 nmethod 1750 0x000001c523c6d810 code [0x000001c523c6d9c0, 0x000001c523c6dc88]
Event: 1.764 Thread 0x000001c53785d4b0 1751   !   3       org.springframework.util.ConcurrentReferenceHashMap$Segment::clear (69 bytes)
Event: 1.765 Thread 0x000001c53785d4b0 nmethod 1751 0x000001c523c6dd90 code [0x000001c523c6e000, 0x000001c523c6eb30]
Event: 1.796 Thread 0x000001c53785d4b0 1752       1       org.springframework.core.ResolvableType::resolve (5 bytes)
Event: 1.796 Thread 0x000001c53785d4b0 nmethod 1752 0x000001c52b4b3090 code [0x000001c52b4b3220, 0x000001c52b4b32e8]
Event: 2.096 Thread 0x000001c53785d4b0 1753       3       java.nio.Buffer::<init> (105 bytes)

GC Heap History (2 events):
Event: 0.758 GC heap before
{Heap before GC invocations=0 (full 0):
 garbage-first heap   total 96256K, used 24576K [0x00000000a2600000, 0x0000000100000000)
  region size 1024K, 23 young (23552K), 0 survivors (0K)
 Metaspace       used 5356K, committed 5504K, reserved 1114112K
  class space    used 608K, committed 640K, reserved 1048576K
}
Event: 0.769 GC heap after
{Heap after GC invocations=1 (full 0):
 garbage-first heap   total 96256K, used 9511K [0x00000000a2600000, 0x0000000100000000)
  region size 1024K, 3 young (3072K), 3 survivors (3072K)
 Metaspace       used 5356K, committed 5504K, reserved 1114112K
  class space    used 608K, committed 640K, reserved 1048576K
}

Dll operation events (8 events):
Event: 0.014 Loaded shared library C:\Program Files\Eclipse Adoptium\jdk-21.0.9.10-hotspot\bin\java.dll
Event: 0.060 Loaded shared library C:\Program Files\Eclipse Adoptium\jdk-21.0.9.10-hotspot\bin\jsvml.dll
Event: 0.078 Loaded shared library C:\Program Files\Eclipse Adoptium\jdk-21.0.9.10-hotspot\bin\net.dll
Event: 0.080 Loaded shared library C:\Program Files\Eclipse Adoptium\jdk-21.0.9.10-hotspot\bin\nio.dll
Event: 0.084 Loaded shared library C:\Program Files\Eclipse Adoptium\jdk-21.0.9.10-hotspot\bin\zip.dll
Event: 0.144 Loaded shared library C:\Program Files\Eclipse Adoptium\jdk-21.0.9.10-hotspot\bin\management.dll
Event: 0.151 Loaded shared library C:\Program Files\Eclipse Adoptium\jdk-21.0.9.10-hotspot\bin\management_ext.dll
Event: 0.175 Loaded shared library C:\Program Files\Eclipse Adoptium\jdk-21.0.9.10-hotspot\bin\jimage.dll

Deoptimization events (20 events):
Event: 1.299 Thread 0x000001c51b22f800 DEOPT PACKING pc=0x000001c52b4a2ec4 sp=0x000000813edfc210
Event: 1.299 Thread 0x000001c51b22f800 DEOPT UNPACKING pc=0x000001c52aec4422 sp=0x000000813edfc188 mode 2
Event: 1.299 Thread 0x000001c51b22f800 Uncommon trap: trap_request=0xffffffde fr.pc=0x000001c52b4a2ec4 relative=0x0000000000000124
Event: 1.299 Thread 0x000001c51b22f800 Uncommon trap: reason=class_check action=maybe_recompile pc=0x000001c52b4a2ec4 method=jdk.internal.misc.Unsafe.allocateUninitializedArray(Ljava/lang/Class;I)Ljava/lang/Object; @ 51 c2
Event: 1.299 Thread 0x000001c51b22f800 DEOPT PACKING pc=0x000001c52b4a2ec4 sp=0x000000813edfb6b0
Event: 1.299 Thread 0x000001c51b22f800 DEOPT UNPACKING pc=0x000001c52aec4422 sp=0x000000813edfb628 mode 2
Event: 1.299 Thread 0x000001c51b22f800 Uncommon trap: trap_request=0xffffffde fr.pc=0x000001c52b4a2ec4 relative=0x0000000000000124
Event: 1.299 Thread 0x000001c51b22f800 Uncommon trap: reason=class_check action=maybe_recompile pc=0x000001c52b4a2ec4 method=jdk.internal.misc.Unsafe.allocateUninitializedArray(Ljava/lang/Class;I)Ljava/lang/Object; @ 51 c2
Event: 1.299 Thread 0x000001c51b22f800 DEOPT PACKING pc=0x000001c52b4a2ec4 sp=0x000000813edfb020
Event: 1.299 Thread 0x000001c51b22f800 DEOPT UNPACKING pc=0x000001c52aec4422 sp=0x000000813edfaf98 mode 2
Event: 1.300 Thread 0x000001c51b22f800 Uncommon trap: trap_request=0xffffffde fr.pc=0x000001c52b4a2ec4 relative=0x0000000000000124
Event: 1.300 Thread 0x000001c51b22f800 Uncommon trap: reason=class_check action=maybe_recompile pc=0x000001c52b4a2ec4 method=jdk.internal.misc.Unsafe.allocateUninitializedArray(Ljava/lang/Class;I)Ljava/lang/Object; @ 51 c2
Event: 1.300 Thread 0x000001c51b22f800 DEOPT PACKING pc=0x000001c52b4a2ec4 sp=0x000000813edfb020
Event: 1.300 Thread 0x000001c51b22f800 DEOPT UNPACKING pc=0x000001c52aec4422 sp=0x000000813edfaf98 mode 2
Event: 1.743 Thread 0x000001c51b22f800 Uncommon trap: trap_request=0xffffff45 fr.pc=0x000001c52b46e220 relative=0x00000000000000e0
Event: 1.743 Thread 0x000001c51b22f800 Uncommon trap: reason=unstable_if action=reinterpret pc=0x000001c52b46e220 method=sun.reflect.generics.parser.SignatureParser.current()C @ 39 c2
Event: 1.743 Thread 0x000001c51b22f800 DEOPT PACKING pc=0x000001c52b46e220 sp=0x000000813edfb680
Event: 1.743 Thread 0x000001c51b22f800 DEOPT UNPACKING pc=0x000001c52aec4422 sp=0x000000813edfb618 mode 2
Event: 1.753 Thread 0x000001c51b22f800 DEOPT PACKING pc=0x000001c523a75002 sp=0x000000813edfbca0
Event: 1.753 Thread 0x000001c51b22f800 DEOPT UNPACKING pc=0x000001c52aec4bc2 sp=0x000000813edfb128 mode 0

Classes loaded (20 events):
Event: 1.743 Loading class java/lang/reflect/ParameterizedType done
Event: 1.743 Loading class sun/reflect/generics/reflectiveObjects/ParameterizedTypeImpl done
Event: 1.743 Loading class sun/reflect/generics/reflectiveObjects/TypeVariableImpl
Event: 1.744 Loading class sun/reflect/generics/reflectiveObjects/LazyReflectiveObjectGenerator
Event: 1.744 Loading class sun/reflect/generics/reflectiveObjects/LazyReflectiveObjectGenerator done
Event: 1.744 Loading class sun/reflect/generics/reflectiveObjects/TypeVariableImpl done
Event: 1.763 Loading class sun/reflect/generics/tree/BottomSignature
Event: 1.763 Loading class sun/reflect/generics/tree/BottomSignature done
Event: 1.763 Loading class sun/reflect/generics/tree/Wildcard
Event: 1.763 Loading class sun/reflect/generics/tree/Wildcard done
Event: 1.763 Loading class sun/reflect/generics/reflectiveObjects/WildcardTypeImpl
Event: 1.763 Loading class java/lang/reflect/WildcardType
Event: 1.763 Loading class java/lang/reflect/WildcardType done
Event: 1.763 Loading class sun/reflect/generics/reflectiveObjects/WildcardTypeImpl done
Event: 1.763 Loading class sun/reflect/generics/tree/TypeVariableSignature
Event: 1.763 Loading class sun/reflect/generics/tree/TypeVariableSignature done
Event: 1.768 Loading class java/util/Currency
Event: 1.768 Loading class java/util/Currency done
Event: 1.776 Loading class java/util/UUID
Event: 1.776 Loading class java/util/UUID done

Classes unloaded (0 events):
No events

Classes redefined (0 events):
No events

Internal exceptions (20 events):
Event: 0.791 Thread 0x000001c51b22f800 Exception <a 'java/lang/NoSuchMethodError'{0x00000000a834b130}: 'void java.lang.invoke.DirectMethodHandle$Holder.invokeStatic(java.lang.Object, java.lang.Object, java.lang.Object, java.lang.Object)'> (0x00000000a834b130) 
thrown [s\src\hotspot\share\interpreter\linkResolver.cpp, line 773]
Event: 0.806 Thread 0x000001c51b22f800 Exception <a 'java/lang/NoSuchMethodError'{0x00000000a8238790}: 'java.lang.Object java.lang.invoke.Invokers$Holder.invokeExact_MT(java.lang.Object, java.lang.Object, java.lang.Object, java.lang.Object, java.lang.Object, java.lang.Object)'> (0x00000000a8238790) 
thrown [s\src\hotspot\share\interpreter\linkResolver.cpp, line 773]
Event: 0.808 Thread 0x000001c51b22f800 Exception <a 'java/lang/NoSuchMethodError'{0x00000000a82463b8}: 'int java.lang.invoke.DirectMethodHandle$Holder.invokeStatic(java.lang.Object, java.lang.Object, java.lang.Object, java.lang.Object, java.lang.Object)'> (0x00000000a82463b8) 
thrown [s\src\hotspot\share\interpreter\linkResolver.cpp, line 773]
Event: 0.821 Thread 0x000001c51b22f800 Exception <a 'java/lang/NoSuchMethodError'{0x00000000a829a900}: 'void java.lang.invoke.DirectMethodHandle$Holder.invokeStaticInit(java.lang.Object)'> (0x00000000a829a900) 
thrown [s\src\hotspot\share\interpreter\linkResolver.cpp, line 773]
Event: 0.844 Thread 0x000001c51b22f800 Exception <a 'java/lang/NoSuchMethodError'{0x00000000a81671d8}: 'void java.lang.invoke.DirectMethodHandle$Holder.invokeStaticInit(java.lang.Object, java.lang.Object, java.lang.Object, java.lang.Object)'> (0x00000000a81671d8) 
thrown [s\src\hotspot\share\interpreter\linkResolver.cpp, line 773]
Event: 0.856 Thread 0x000001c51b22f800 Exception <a 'java/lang/NoSuchMethodError'{0x00000000a81d6d70}: 'int java.lang.invoke.DirectMethodHandle$Holder.invokeStaticInit(java.lang.Object, java.lang.Object)'> (0x00000000a81d6d70) 
thrown [s\src\hotspot\share\interpreter\linkResolver.cpp, line 773]
Event: 0.973 Thread 0x000001c51b22f800 Exception <a 'java/lang/NoSuchMethodError'{0x00000000a7d39e78}: 'java.lang.Object java.lang.invoke.DirectMethodHandle$Holder.invokeSpecial(java.lang.Object, java.lang.Object, java.lang.Object, long, java.lang.Object)'> (0x00000000a7d39e78) 
thrown [s\src\hotspot\share\interpreter\linkResolver.cpp, line 773]
Event: 0.973 Thread 0x000001c51b22f800 Exception <a 'java/lang/NoSuchMethodError'{0x00000000a7d3da98}: 'java.lang.Object java.lang.invoke.Invokers$Holder.linkToTargetMethod(java.lang.Object, long, java.lang.Object, java.lang.Object)'> (0x00000000a7d3da98) 
thrown [s\src\hotspot\share\interpreter\linkResolver.cpp, line 773]
Event: 0.992 Thread 0x000001c51b22f800 Implicit null exception at 0x000001c52b47f3e6 to 0x000001c52b47f48a
Event: 0.993 Thread 0x000001c51b22f800 Implicit null exception at 0x000001c52b4707bd to 0x000001c52b470841
Event: 1.093 Thread 0x000001c51b22f800 Exception <a 'java/lang/NoSuchMethodError'{0x00000000a7aafe08}: 'int java.lang.invoke.DirectMethodHandle$Holder.invokeStaticInit(java.lang.Object, java.lang.Object, java.lang.Object)'> (0x00000000a7aafe08) 
thrown [s\src\hotspot\share\interpreter\linkResolver.cpp, line 773]
Event: 1.117 Thread 0x000001c51b22f800 Exception <a 'java/lang/NoSuchMethodError'{0x00000000a79aa648}: 'int java.lang.invoke.DirectMethodHandle$Holder.invokeInterface(java.lang.Object, java.lang.Object)'> (0x00000000a79aa648) 
thrown [s\src\hotspot\share\interpreter\linkResolver.cpp, line 773]
Event: 1.143 Thread 0x000001c51b22f800 Exception <a 'java/lang/NoSuchMethodError'{0x00000000a785f5c8}: 'void java.lang.invoke.DirectMethodHandle$Holder.invokeStatic(java.lang.Object, java.lang.Object)'> (0x00000000a785f5c8) 
thrown [s\src\hotspot\share\interpreter\linkResolver.cpp, line 773]
Event: 1.143 Thread 0x000001c51b22f800 Exception <a 'java/lang/NoSuchMethodError'{0x00000000a7862c20}: 'void java.lang.invoke.DirectMethodHandle$Holder.invokeStaticInit(java.lang.Object, java.lang.Object)'> (0x00000000a7862c20) 
thrown [s\src\hotspot\share\interpreter\linkResolver.cpp, line 773]
Event: 1.172 Thread 0x000001c51b22f800 Exception <a 'java/lang/NoSuchMethodError'{0x00000000a773a5c8}: 'int java.lang.invoke.DirectMethodHandle$Holder.invokeVirtual(java.lang.Object, java.lang.Object, java.lang.Object)'> (0x00000000a773a5c8) 
thrown [s\src\hotspot\share\interpreter\linkResolver.cpp, line 773]
Event: 1.231 Thread 0x000001c51b22f800 Exception <a 'java/lang/IncompatibleClassChangeError'{0x00000000a7693f60}: Found class java.lang.Object, but interface was expected> (0x00000000a7693f60) 
thrown [s\src\hotspot\share\interpreter\linkResolver.cpp, line 840]
Event: 1.282 Thread 0x000001c51b22f800 Exception <a 'java/lang/NoSuchMethodError'{0x00000000a75d5c60}: 'int java.lang.invoke.DirectMethodHandle$Holder.invokeSpecial(java.lang.Object, java.lang.Object, java.lang.Object, java.lang.Object)'> (0x00000000a75d5c60) 
thrown [s\src\hotspot\share\interpreter\linkResolver.cpp, line 773]
Event: 1.293 Thread 0x000001c51b22f800 Exception <a 'java/lang/NoSuchMethodError'{0x00000000a75f6720}: 'int java.lang.invoke.DirectMethodHandle$Holder.invokeSpecial(java.lang.Object, java.lang.Object, java.lang.Object, java.lang.Object, java.lang.Object)'> (0x00000000a75f6720) 
thrown [s\src\hotspot\share\interpreter\linkResolver.cpp, line 773]
Event: 1.296 Thread 0x000001c51b22f800 Exception <a 'java/lang/NoSuchMethodError'{0x00000000a75fee08}: 'void java.lang.invoke.DirectMethodHandle$Holder.invokeVirtual(java.lang.Object, java.lang.Object)'> (0x00000000a75fee08) 
thrown [s\src\hotspot\share\interpreter\linkResolver.cpp, line 773]
Event: 1.674 Thread 0x000001c51b22f800 Exception <a 'java/lang/NoSuchMethodError'{0x00000000a72e6d50}: 'void java.lang.invoke.DirectMethodHandle$Holder.invokeVirtual(java.lang.Object, java.lang.Object, java.lang.Object, java.lang.Object)'> (0x00000000a72e6d50) 
thrown [s\src\hotspot\share\interpreter\linkResolver.cpp, line 773]

ZGC Phase Switch (0 events):
No events

VM Operations (20 events):
Event: 0.574 Executing VM operation: HandshakeAllThreads (Deoptimize)
Event: 0.574 Executing VM operation: HandshakeAllThreads (Deoptimize) done
Event: 0.580 Executing VM operation: HandshakeAllThreads (Deoptimize)
Event: 0.580 Executing VM operation: HandshakeAllThreads (Deoptimize) done
Event: 0.741 Executing VM operation: HandshakeAllThreads (Deoptimize)
Event: 0.741 Executing VM operation: HandshakeAllThreads (Deoptimize) done
Event: 0.755 Executing VM operation: ICBufferFull
Event: 0.755 Executing VM operation: ICBufferFull done
Event: 0.758 Executing VM operation: G1CollectForAllocation (G1 Evacuation Pause)
Event: 0.769 Executing VM operation: G1CollectForAllocation (G1 Evacuation Pause) done
Event: 0.935 Executing VM operation: HandshakeAllThreads (Deoptimize)
Event: 0.935 Executing VM operation: HandshakeAllThreads (Deoptimize) done
Event: 1.119 Executing VM operation: HandshakeAllThreads (Deoptimize)
Event: 1.119 Executing VM operation: HandshakeAllThreads (Deoptimize) done
Event: 1.257 Executing VM operation: HandshakeAllThreads (Deoptimize)
Event: 1.258 Executing VM operation: HandshakeAllThreads (Deoptimize) done
Event: 1.666 Executing VM operation: HandshakeAllThreads (Deoptimize)
Event: 1.667 Executing VM operation: HandshakeAllThreads (Deoptimize) done
Event: 2.666 Executing VM operation: Cleanup
Event: 2.666 Executing VM operation: Cleanup done

Memory protections (0 events):
No events

Nmethod flushes (0 events):
No events

Events (14 events):
Event: 0.041 Thread 0x000001c51b22f800 Thread added: 0x000001c51b22f800
Event: 0.057 Thread 0x000001c51b22f800 Thread added: 0x000001c53783e6e0
Event: 0.057 Thread 0x000001c51b22f800 Thread added: 0x000001c53783f130
Event: 0.058 Thread 0x000001c51b22f800 Thread added: 0x000001c53784f670
Event: 0.058 Thread 0x000001c51b22f800 Thread added: 0x000001c537851330
Event: 0.058 Thread 0x000001c51b22f800 Thread added: 0x000001c537851d80
Event: 0.058 Thread 0x000001c51b22f800 Thread added: 0x000001c5378531f0
Event: 0.058 Thread 0x000001c51b22f800 Thread added: 0x000001c537856d30
Event: 0.058 Thread 0x000001c51b22f800 Thread added: 0x000001c53785d4b0
Event: 0.073 Thread 0x000001c51b22f800 Thread added: 0x000001c53799ec70
Event: 0.074 Thread 0x000001c51b22f800 Thread added: 0x000001c5379bf4a0
Event: 0.198 Thread 0x000001c53785d4b0 Thread added: 0x000001c537b4e4e0
Event: 0.277 Thread 0x000001c51b22f800 Thread added: 0x000001c57d0cc610
Event: 0.293 Thread 0x000001c51b22f800 Thread added: 0x000001c537c05b00


Dynamic libraries:
0x00007ff64bf80000 - 0x00007ff64bf8e000 	C:\Program Files\Eclipse Adoptium\jdk-21.0.9.10-hotspot\bin\java.exe
0x00007ffdbd2a0000 - 0x00007ffdbd507000 	C:\Windows\SYSTEM32\ntdll.dll
0x00007ffdbbdf0000 - 0x00007ffdbbeb9000 	C:\Windows\System32\KERNEL32.DLL
0x00007ffdba700000 - 0x00007ffdbaaef000 	C:\Windows\System32\KERNELBASE.dll
0x00007ffdbab00000 - 0x00007ffdbac4b000 	C:\Windows\System32\ucrtbase.dll
0x00007ffdb6f80000 - 0x00007ffdb6f98000 	C:\Program Files\Eclipse Adoptium\jdk-21.0.9.10-hotspot\bin\jli.dll
0x00007ffdb3ea0000 - 0x00007ffdb3ebe000 	C:\Program Files\Eclipse Adoptium\jdk-21.0.9.10-hotspot\bin\VCRUNTIME140.dll
0x00007ffdbbec0000 - 0x00007ffdbc085000 	C:\Windows\System32\USER32.dll
0x00007ffdba560000 - 0x00007ffdba587000 	C:\Windows\System32\win32u.dll
0x00007ffdbb170000 - 0x00007ffdbb19b000 	C:\Windows\System32\GDI32.dll
0x00007ffd9ffd0000 - 0x00007ffda0263000 	C:\Windows\WinSxS\amd64_microsoft.windows.common-controls_6595b64144ccf1df_6.0.26100.7309_none_3e05feeae336a044\COMCTL32.dll
0x00007ffdbaf10000 - 0x00007ffdbb03c000 	C:\Windows\System32\gdi32full.dll
0x00007ffdbac50000 - 0x00007ffdbacf3000 	C:\Windows\System32\msvcp_win.dll
0x00007ffdbb980000 - 0x00007ffdbba29000 	C:\Windows\System32\msvcrt.dll
0x00007ffdbca30000 - 0x00007ffdbca61000 	C:\Windows\System32\IMM32.DLL
0x00007ffdb7170000 - 0x00007ffdb717c000 	C:\Program Files\Eclipse Adoptium\jdk-21.0.9.10-hotspot\bin\vcruntime140_1.dll
0x00007ffd9d1f0000 - 0x00007ffd9d27d000 	C:\Program Files\Eclipse Adoptium\jdk-21.0.9.10-hotspot\bin\msvcp140.dll
0x00007ffd01d30000 - 0x00007ffd02ad0000 	C:\Program Files\Eclipse Adoptium\jdk-21.0.9.10-hotspot\bin\server\jvm.dll
0x00007ffdbc8b0000 - 0x00007ffdbc964000 	C:\Windows\System32\ADVAPI32.dll
0x00007ffdbc0b0000 - 0x00007ffdbc156000 	C:\Windows\System32\sechost.dll
0x00007ffdbbb70000 - 0x00007ffdbbc88000 	C:\Windows\System32\RPCRT4.dll
0x00007ffdbc690000 - 0x00007ffdbc704000 	C:\Windows\System32\WS2_32.dll
0x00007ffda3b90000 - 0x00007ffda3bc5000 	C:\Windows\SYSTEM32\WINMM.dll
0x00007ffda8890000 - 0x00007ffda889b000 	C:\Windows\SYSTEM32\VERSION.dll
0x00007ffdba250000 - 0x00007ffdba2ae000 	C:\Windows\SYSTEM32\POWRPROF.dll
0x00007ffdba230000 - 0x00007ffdba244000 	C:\Windows\SYSTEM32\UMPDC.dll
0x00007ffdb9160000 - 0x00007ffdb917b000 	C:\Windows\SYSTEM32\kernel.appcore.dll
0x00007ffdb6e80000 - 0x00007ffdb6e8a000 	C:\Program Files\Eclipse Adoptium\jdk-21.0.9.10-hotspot\bin\jimage.dll
0x00007ffdb2800000 - 0x00007ffdb2a42000 	C:\Windows\SYSTEM32\DBGHELP.DLL
0x00007ffdbc160000 - 0x00007ffdbc4e5000 	C:\Windows\System32\combase.dll
0x00007ffdbb090000 - 0x00007ffdbb166000 	C:\Windows\System32\OLEAUT32.dll
0x00007ffda3760000 - 0x00007ffda379c000 	C:\Windows\SYSTEM32\dbgcore.DLL
0x00007ffdba650000 - 0x00007ffdba6f5000 	C:\Windows\System32\bcryptPrimitives.dll
0x00007ffdb3860000 - 0x00007ffdb3880000 	C:\Program Files\Eclipse Adoptium\jdk-21.0.9.10-hotspot\bin\java.dll
0x00007ffdbca70000 - 0x00007ffdbd1c3000 	C:\Windows\System32\SHELL32.dll
0x00007ffdba3f0000 - 0x00007ffdba55a000 	C:\Windows\System32\wintypes.dll
0x00007ffdb7fc0000 - 0x00007ffdb881e000 	C:\Windows\SYSTEM32\windows.storage.dll
0x00007ffdbbc90000 - 0x00007ffdbbd85000 	C:\Windows\System32\SHCORE.dll
0x00007ffdbbb00000 - 0x00007ffdbbb66000 	C:\Windows\System32\shlwapi.dll
0x00007ffdba310000 - 0x00007ffdba339000 	C:\Windows\SYSTEM32\profapi.dll
0x00007ffd8d680000 - 0x00007ffd8d757000 	C:\Program Files\Eclipse Adoptium\jdk-21.0.9.10-hotspot\bin\jsvml.dll
0x00007ffdb5840000 - 0x00007ffdb5850000 	C:\Program Files\Eclipse Adoptium\jdk-21.0.9.10-hotspot\bin\net.dll
0x00007ffdb33b0000 - 0x00007ffdb34d8000 	C:\Windows\SYSTEM32\WINHTTP.dll
0x00007ffdb96b0000 - 0x00007ffdb971b000 	C:\Windows\system32\mswsock.dll
0x00007ffdb37f0000 - 0x00007ffdb3806000 	C:\Program Files\Eclipse Adoptium\jdk-21.0.9.10-hotspot\bin\nio.dll
0x00007ffdb37b0000 - 0x00007ffdb37c8000 	C:\Program Files\Eclipse Adoptium\jdk-21.0.9.10-hotspot\bin\zip.dll
0x00007ffdaf240000 - 0x00007ffdaf24a000 	C:\Program Files\Eclipse Adoptium\jdk-21.0.9.10-hotspot\bin\management.dll
0x00007ffdaee70000 - 0x00007ffdaee7c000 	C:\Program Files\Eclipse Adoptium\jdk-21.0.9.10-hotspot\bin\management_ext.dll
0x00007ffdbbab0000 - 0x00007ffdbbab8000 	C:\Windows\System32\PSAPI.DLL

JVMTI agents: none

dbghelp: loaded successfully - version: 4.0.5 - missing functions: none
symbol engine: initialized successfully - sym options: 0x614 - pdb path: .;C:\Program Files\Eclipse Adoptium\jdk-21.0.9.10-hotspot\bin;C:\Windows\SYSTEM32;C:\Windows\WinSxS\amd64_microsoft.windows.common-controls_6595b64144ccf1df_6.0.26100.7309_none_3e05feeae336a044;C:\Program Files\Eclipse Adoptium\jdk-21.0.9.10-hotspot\bin\server

VM Arguments:
java_command: C:\Users\NOGAMENOLIFE\AppData\Local\Temp\surefire2187329398202811289\surefirebooter-20260107134216725_3.jar C:\Users\NOGAMENOLIFE\AppData\Local\Temp\surefire2187329398202811289 2026-01-07T13-42-16_371-jvmRun1 surefire-20260107134216725_1tmp surefire_0-20260107134216725_2tmp
java_class_path (initial): C:\Users\NOGAMENOLIFE\AppData\Local\Temp\surefire2187329398202811289\surefirebooter-20260107134216725_3.jar
Launcher Type: SUN_STANDARD

[Global flags]
     intx CICompilerCount                          = 4                                         {product} {ergonomic}
     uint ConcGCThreads                            = 3                                         {product} {ergonomic}
     uint G1ConcRefinementThreads                  = 10                                        {product} {ergonomic}
   size_t G1HeapRegionSize                         = 1048576                                   {product} {ergonomic}
    uintx GCDrainStackTargetSize                   = 64                                        {product} {ergonomic}
   size_t InitialHeapSize                          = 98566144                                  {product} {ergonomic}
   size_t MarkStackSize                            = 4194304                                   {product} {ergonomic}
   size_t MaxHeapSize                              = 1570766848                                {product} {ergonomic}
   size_t MaxNewSize                               = 941621248                                 {product} {ergonomic}
   size_t MinHeapDeltaBytes                        = 1048576                                   {product} {ergonomic}
   size_t MinHeapSize                              = 8388608                                   {product} {ergonomic}
    uintx NonNMethodCodeHeapSize                   = 5839372                                {pd product} {ergonomic}
    uintx NonProfiledCodeHeapSize                  = 122909434                              {pd product} {ergonomic}
    uintx ProfiledCodeHeapSize                     = 122909434                              {pd product} {ergonomic}
    uintx ReservedCodeCacheSize                    = 251658240                              {pd product} {ergonomic}
     bool SegmentedCodeCache                       = true                                      {product} {ergonomic}
   size_t SoftMaxHeapSize                          = 1570766848                             {manageable} {ergonomic}
     bool UseCompressedOops                        = true                           {product lp64_product} {ergonomic}
     bool UseG1GC                                  = true                                      {product} {ergonomic}
     bool UseLargePagesIndividualAllocation        = false                                  {pd product} {ergonomic}

Logging:
Log output configuration:
 #0: stdout all=warning uptime,level,tags foldmultilines=false
 #1: stderr all=off uptime,level,tags foldmultilines=false

Release file:
IMPLEMENTOR="Eclipse Adoptium" 
IMPLEMENTOR_VERSION="Temurin-21.0.9+10" 
JAVA_RUNTIME_VERSION="21.0.9+10-LTS" 
JAVA_VERSION="21.0.9" 
JAVA_VERSION_DATE="2025-10-21" 
LIBC="default" 
MODULES="java.base java.compiler java.datatransfer java.xml java.prefs java.desktop java.instrument java.logging java.management java.security.sasl java.naming java.rmi java.management.rmi java.net.http java.scripting java.security.jgss java.transaction.xa java.sql java.sql.rowset java.xml.crypto java.se java.smartcardio jdk.accessibility jdk.internal.jvmstat jdk.attach jdk.charsets jdk.internal.opt jdk.zipfs jdk.compiler jdk.crypto.ec jdk.crypto.cryptoki jdk.crypto.mscapi jdk.dynalink jdk.internal.ed jdk.editpad jdk.hotspot.agent jdk.httpserver jdk.incubator.vector jdk.internal.le jdk.internal.vm.ci jdk.internal.vm.compiler jdk.internal.vm.compiler.management jdk.jartool jdk.javadoc jdk.jcmd jdk.management jdk.management.agent jdk.jconsole jdk.jdeps jdk.jdwp.agent jdk.jdi jdk.jfr jdk.jlink jdk.jpackage jdk.jshell jdk.jsobject jdk.jstatd jdk.localedata jdk.management.jfr jdk.naming.dns jdk.naming.rmi jdk.net jdk.nio.mapmode jdk.random jdk.sctp jdk.security.auth jdk.security.jgss jdk.unsupported jdk.unsupported.desktop jdk.xml.dom" 
OS_ARCH="x86_64" 
OS_NAME="Windows" 
SOURCE=".:git:759062135b07" 
BUILD_SOURCE="git:839fa0b45d809157cffd3dc8515aad262a4a1776"
BUILD_SOURCE_REPO="https://github.com/adoptium/temurin-build.git"
SOURCE_REPO="https://github.com/adoptium/jdk21u.git"
FULL_VERSION="21.0.9+10-LTS"
SEMANTIC_VERSION="21.0.9+10"
BUILD_INFO="OS: Windows Server 2022 Version: 10.0"
JVM_VARIANT="Hotspot"
JVM_VERSION="21.0.9+10-LTS"
IMAGE_TYPE="JDK"

Environment Variables:
PATH=c:\\Users\\NOGAMENOLIFE\\.trae\\sdks\\workspaces\\8dc7d14d\\versions\\node\\current;c:\\Users\\NOGAMENOLIFE\\.trae\\sdks\\versions\\node\\current;c:\Users\NOGAMENOLIFE\.trae\sdks\workspaces\8dc7d14d\versions\node\current;c:\Users\NOGAMENOLIFE\.trae\sdks\versions\node\current;C:\Program Files\Eclipse Adoptium\jdk-21.0.9.10-hotspot\bin;C:\Program Files\Common Files\Oracle\Java\javapath;C:\Program Files (x86)\Common Files\Oracle\Java\java8path;C:\Program Files (x86)\Common Files\Oracle\Java\javapath;C:\Windows\system32;C:\Windows;C:\Windows\System32\Wbem;C:\Windows\System32\WindowsPowerShell\v1.0\;C:\Windows\System32\OpenSSH\;C:\Program Files\Docker\Docker\resources\bin;D:\apache-maven-3.9.12\bin;D:\Program Files\cursor\resources\app\bin;D:\Windows Kits\10\Windows Performance Toolkit\;c:\Users\NOGAMENOLIFE\AppData\Local\Programs\Trae\bin;C:\Users\NOGAMENOLIFE\AppData\Local\Programs\Python\Python314\Scripts\;C:\Users\NOGAMENOLIFE\AppData\Local\Programs\Python\Python314\;C:\Users\NOGAMENOLIFE\AppData\Local\Microsoft\WindowsApps;D:\Microsoft VS Code\bin;c:\Users\NOGAMENOLIFE\.trae\extensions\vscjava.vscode-java-debug-0.58.4\bundled\scripts\noConfigScripts
USERNAME=NOGAMENOLIFE
LANG=en_US.UTF-8
OS=Windows_NT
PROCESSOR_IDENTIFIER=AMD64 Family 23 Model 104 Stepping 1, AuthenticAMD
TMP=C:\Users\NOGAME~1\AppData\Local\Temp
TEMP=C:\Users\NOGAME~1\AppData\Local\Temp




Periodic native trim disabled

---------------  S Y S T E M  ---------------

OS:
 Windows 11 , 64 bit Build 26100 (10.0.26100.7309)
OS uptime: 5 days 1:19 hours
Hyper-V role detected

CPU: total 12 (initial active 12) (12 cores per cpu, 2 threads per core) family 23 model 104 stepping 1 microcode 0x8608103, cx8, cmov, fxsr, ht, mmx, 3dnowpref, sse, sse2, sse3, ssse3, sse4a, sse4.1, sse4.2, popcnt, lzcnt, tsc, tscinvbit, avx, avx2, aes, clmul, bmi1, bmi2, adx, sha, fma, vzeroupper, clflush, clflushopt, hv, rdtscp, rdpid, f16c
Processor Information for the first 12 processors :
  Max Mhz: 2100, Current Mhz: 2100, Mhz Limit: 2100

Memory: 4k page, system-wide physical 5989M (396M free)
TotalPageFile size 18756M (AvailPageFile size 2M)
current process WorkingSet (physical memory assigned to process): 115M, peak: 115M
current process commit charge ("private bytes"): 225M, peak: 226M

vm_info: OpenJDK 64-Bit Server VM (21.0.9+10-LTS) for windows-amd64 JRE (21.0.9+10-LTS), built on 2025-10-21T00:00:00Z by "admin" with unknown MS VC++:1942

END.
